// Jest Snapshot v1, https://goo.gl/fbAQLP

exports[`AddCard matches snapshot 1`] = `
initialize {
  "0": Object {
    "attribs": Object {
      "class": "AddCard-root-1",
    },
    "children": Array [
      Object {
        "attribs": Object {
          "class": "MuiPaper-root-13 MuiPaper-elevation4-19 MuiAppBar-root-4 MuiAppBar-positionStatic-8 MuiAppBar-colorPrimary-11",
          "style": "background-color:#2196f3",
        },
        "children": Array [
          Object {
            "attribs": Object {
              "class": "MuiToolbar-root-40 MuiToolbar-regular-42 MuiToolbar-gutters-41",
            },
            "children": Array [
              Object {
                "attribs": Object {
                  "aria-label": "Menu",
                  "class": "MuiButtonBase-root-50 MuiIconButton-root-44 MuiIconButton-colorInherit-45 AddCard-menuButton-3",
                  "tabindex": "0",
                  "type": "button",
                },
                "children": Array [
                  Object {
                    "attribs": Object {
                      "class": "MuiIconButton-label-49",
                    },
                    "children": Array [
                      Object {
                        "attribs": Object {
                          "aria-hidden": "true",
                          "class": "MuiSvgIcon-root-53",
                          "focusable": "false",
                          "role": "presentation",
                          "viewBox": "0 0 24 24",
                        },
                        "children": Array [
                          Object {
                            "attribs": Object {
                              "d": "M0 0h24v24H0z",
                              "fill": "none",
                            },
                            "children": Array [],
                            "name": "path",
                            "namespace": "http://www.w3.org/2000/svg",
                            "next": Object {
                              "attribs": Object {
                                "d": "M3 18h18v-2H3v2zm0-5h18v-2H3v2zm0-7v2h18V6H3z",
                              },
                              "children": Array [],
                              "name": "path",
                              "namespace": "http://www.w3.org/2000/svg",
                              "next": null,
                              "parent": [Circular],
                              "prev": [Circular],
                              "type": "tag",
                              "x-attribsNamespace": Object {
                                "d": undefined,
                              },
                              "x-attribsPrefix": Object {
                                "d": undefined,
                              },
                            },
                            "parent": [Circular],
                            "prev": null,
                            "type": "tag",
                            "x-attribsNamespace": Object {
                              "d": undefined,
                              "fill": undefined,
                            },
                            "x-attribsPrefix": Object {
                              "d": undefined,
                              "fill": undefined,
                            },
                          },
                          Object {
                            "attribs": Object {
                              "d": "M3 18h18v-2H3v2zm0-5h18v-2H3v2zm0-7v2h18V6H3z",
                            },
                            "children": Array [],
                            "name": "path",
                            "namespace": "http://www.w3.org/2000/svg",
                            "next": null,
                            "parent": [Circular],
                            "prev": Object {
                              "attribs": Object {
                                "d": "M0 0h24v24H0z",
                                "fill": "none",
                              },
                              "children": Array [],
                              "name": "path",
                              "namespace": "http://www.w3.org/2000/svg",
                              "next": [Circular],
                              "parent": [Circular],
                              "prev": null,
                              "type": "tag",
                              "x-attribsNamespace": Object {
                                "d": undefined,
                                "fill": undefined,
                              },
                              "x-attribsPrefix": Object {
                                "d": undefined,
                                "fill": undefined,
                              },
                            },
                            "type": "tag",
                            "x-attribsNamespace": Object {
                              "d": undefined,
                            },
                            "x-attribsPrefix": Object {
                              "d": undefined,
                            },
                          },
                        ],
                        "name": "svg",
                        "namespace": "http://www.w3.org/2000/svg",
                        "next": null,
                        "parent": [Circular],
                        "prev": null,
                        "type": "tag",
                        "x-attribsNamespace": Object {
                          "aria-hidden": undefined,
                          "class": undefined,
                          "focusable": undefined,
                          "role": undefined,
                          "viewBox": undefined,
                        },
                        "x-attribsPrefix": Object {
                          "aria-hidden": undefined,
                          "class": undefined,
                          "focusable": undefined,
                          "role": undefined,
                          "viewBox": undefined,
                        },
                      },
                    ],
                    "name": "span",
                    "namespace": "http://www.w3.org/1999/xhtml",
                    "next": null,
                    "parent": [Circular],
                    "prev": null,
                    "type": "tag",
                    "x-attribsNamespace": Object {
                      "class": undefined,
                    },
                    "x-attribsPrefix": Object {
                      "class": undefined,
                    },
                  },
                ],
                "name": "button",
                "namespace": "http://www.w3.org/1999/xhtml",
                "next": Object {
                  "attribs": Object {
                    "class": "MuiTypography-root-62 MuiTypography-h6-79 MuiTypography-colorInherit-91 AddCard-grow-2",
                  },
                  "children": Array [
                    Object {
                      "data": "Paper Trader",
                      "next": null,
                      "parent": [Circular],
                      "prev": null,
                      "type": "text",
                    },
                  ],
                  "name": "h6",
                  "namespace": "http://www.w3.org/1999/xhtml",
                  "next": Object {
                    "attribs": Object {
                      "class": "MuiButtonBase-root-50 MuiIconButton-root-44 MuiIconButton-colorInherit-45",
                      "tabindex": "0",
                      "type": "button",
                    },
                    "children": Array [
                      Object {
                        "attribs": Object {
                          "class": "MuiIconButton-label-49",
                        },
                        "children": Array [
                          Object {
                            "attribs": Object {
                              "aria-hidden": "true",
                              "class": "MuiSvgIcon-root-53",
                              "focusable": "false",
                              "role": "presentation",
                              "viewBox": "0 0 24 24",
                            },
                            "children": Array [
                              Object {
                                "attribs": Object {
                                  "d": "M19 13h-6v6h-2v-6H5v-2h6V5h2v6h6v2z",
                                },
                                "children": Array [],
                                "name": "path",
                                "namespace": "http://www.w3.org/2000/svg",
                                "next": Object {
                                  "attribs": Object {
                                    "d": "M0 0h24v24H0z",
                                    "fill": "none",
                                  },
                                  "children": Array [],
                                  "name": "path",
                                  "namespace": "http://www.w3.org/2000/svg",
                                  "next": null,
                                  "parent": [Circular],
                                  "prev": [Circular],
                                  "type": "tag",
                                  "x-attribsNamespace": Object {
                                    "d": undefined,
                                    "fill": undefined,
                                  },
                                  "x-attribsPrefix": Object {
                                    "d": undefined,
                                    "fill": undefined,
                                  },
                                },
                                "parent": [Circular],
                                "prev": null,
                                "type": "tag",
                                "x-attribsNamespace": Object {
                                  "d": undefined,
                                },
                                "x-attribsPrefix": Object {
                                  "d": undefined,
                                },
                              },
                              Object {
                                "attribs": Object {
                                  "d": "M0 0h24v24H0z",
                                  "fill": "none",
                                },
                                "children": Array [],
                                "name": "path",
                                "namespace": "http://www.w3.org/2000/svg",
                                "next": null,
                                "parent": [Circular],
                                "prev": Object {
                                  "attribs": Object {
                                    "d": "M19 13h-6v6h-2v-6H5v-2h6V5h2v6h6v2z",
                                  },
                                  "children": Array [],
                                  "name": "path",
                                  "namespace": "http://www.w3.org/2000/svg",
                                  "next": [Circular],
                                  "parent": [Circular],
                                  "prev": null,
                                  "type": "tag",
                                  "x-attribsNamespace": Object {
                                    "d": undefined,
                                  },
                                  "x-attribsPrefix": Object {
                                    "d": undefined,
                                  },
                                },
                                "type": "tag",
                                "x-attribsNamespace": Object {
                                  "d": undefined,
                                  "fill": undefined,
                                },
                                "x-attribsPrefix": Object {
                                  "d": undefined,
                                  "fill": undefined,
                                },
                              },
                            ],
                            "name": "svg",
                            "namespace": "http://www.w3.org/2000/svg",
                            "next": null,
                            "parent": [Circular],
                            "prev": null,
                            "type": "tag",
                            "x-attribsNamespace": Object {
                              "aria-hidden": undefined,
                              "class": undefined,
                              "focusable": undefined,
                              "role": undefined,
                              "viewBox": undefined,
                            },
                            "x-attribsPrefix": Object {
                              "aria-hidden": undefined,
                              "class": undefined,
                              "focusable": undefined,
                              "role": undefined,
                              "viewBox": undefined,
                            },
                          },
                        ],
                        "name": "span",
                        "namespace": "http://www.w3.org/1999/xhtml",
                        "next": null,
                        "parent": [Circular],
                        "prev": null,
                        "type": "tag",
                        "x-attribsNamespace": Object {
                          "class": undefined,
                        },
                        "x-attribsPrefix": Object {
                          "class": undefined,
                        },
                      },
                    ],
                    "name": "button",
                    "namespace": "http://www.w3.org/1999/xhtml",
                    "next": null,
                    "parent": [Circular],
                    "prev": [Circular],
                    "type": "tag",
                    "x-attribsNamespace": Object {
                      "class": undefined,
                      "tabindex": undefined,
                      "type": undefined,
                    },
                    "x-attribsPrefix": Object {
                      "class": undefined,
                      "tabindex": undefined,
                      "type": undefined,
                    },
                  },
                  "parent": [Circular],
                  "prev": [Circular],
                  "type": "tag",
                  "x-attribsNamespace": Object {
                    "class": undefined,
                  },
                  "x-attribsPrefix": Object {
                    "class": undefined,
                  },
                },
                "parent": [Circular],
                "prev": null,
                "type": "tag",
                "x-attribsNamespace": Object {
                  "aria-label": undefined,
                  "class": undefined,
                  "tabindex": undefined,
                  "type": undefined,
                },
                "x-attribsPrefix": Object {
                  "aria-label": undefined,
                  "class": undefined,
                  "tabindex": undefined,
                  "type": undefined,
                },
              },
              Object {
                "attribs": Object {
                  "class": "MuiTypography-root-62 MuiTypography-h6-79 MuiTypography-colorInherit-91 AddCard-grow-2",
                },
                "children": Array [
                  Object {
                    "data": "Paper Trader",
                    "next": null,
                    "parent": [Circular],
                    "prev": null,
                    "type": "text",
                  },
                ],
                "name": "h6",
                "namespace": "http://www.w3.org/1999/xhtml",
                "next": Object {
                  "attribs": Object {
                    "class": "MuiButtonBase-root-50 MuiIconButton-root-44 MuiIconButton-colorInherit-45",
                    "tabindex": "0",
                    "type": "button",
                  },
                  "children": Array [
                    Object {
                      "attribs": Object {
                        "class": "MuiIconButton-label-49",
                      },
                      "children": Array [
                        Object {
                          "attribs": Object {
                            "aria-hidden": "true",
                            "class": "MuiSvgIcon-root-53",
                            "focusable": "false",
                            "role": "presentation",
                            "viewBox": "0 0 24 24",
                          },
                          "children": Array [
                            Object {
                              "attribs": Object {
                                "d": "M19 13h-6v6h-2v-6H5v-2h6V5h2v6h6v2z",
                              },
                              "children": Array [],
                              "name": "path",
                              "namespace": "http://www.w3.org/2000/svg",
                              "next": Object {
                                "attribs": Object {
                                  "d": "M0 0h24v24H0z",
                                  "fill": "none",
                                },
                                "children": Array [],
                                "name": "path",
                                "namespace": "http://www.w3.org/2000/svg",
                                "next": null,
                                "parent": [Circular],
                                "prev": [Circular],
                                "type": "tag",
                                "x-attribsNamespace": Object {
                                  "d": undefined,
                                  "fill": undefined,
                                },
                                "x-attribsPrefix": Object {
                                  "d": undefined,
                                  "fill": undefined,
                                },
                              },
                              "parent": [Circular],
                              "prev": null,
                              "type": "tag",
                              "x-attribsNamespace": Object {
                                "d": undefined,
                              },
                              "x-attribsPrefix": Object {
                                "d": undefined,
                              },
                            },
                            Object {
                              "attribs": Object {
                                "d": "M0 0h24v24H0z",
                                "fill": "none",
                              },
                              "children": Array [],
                              "name": "path",
                              "namespace": "http://www.w3.org/2000/svg",
                              "next": null,
                              "parent": [Circular],
                              "prev": Object {
                                "attribs": Object {
                                  "d": "M19 13h-6v6h-2v-6H5v-2h6V5h2v6h6v2z",
                                },
                                "children": Array [],
                                "name": "path",
                                "namespace": "http://www.w3.org/2000/svg",
                                "next": [Circular],
                                "parent": [Circular],
                                "prev": null,
                                "type": "tag",
                                "x-attribsNamespace": Object {
                                  "d": undefined,
                                },
                                "x-attribsPrefix": Object {
                                  "d": undefined,
                                },
                              },
                              "type": "tag",
                              "x-attribsNamespace": Object {
                                "d": undefined,
                                "fill": undefined,
                              },
                              "x-attribsPrefix": Object {
                                "d": undefined,
                                "fill": undefined,
                              },
                            },
                          ],
                          "name": "svg",
                          "namespace": "http://www.w3.org/2000/svg",
                          "next": null,
                          "parent": [Circular],
                          "prev": null,
                          "type": "tag",
                          "x-attribsNamespace": Object {
                            "aria-hidden": undefined,
                            "class": undefined,
                            "focusable": undefined,
                            "role": undefined,
                            "viewBox": undefined,
                          },
                          "x-attribsPrefix": Object {
                            "aria-hidden": undefined,
                            "class": undefined,
                            "focusable": undefined,
                            "role": undefined,
                            "viewBox": undefined,
                          },
                        },
                      ],
                      "name": "span",
                      "namespace": "http://www.w3.org/1999/xhtml",
                      "next": null,
                      "parent": [Circular],
                      "prev": null,
                      "type": "tag",
                      "x-attribsNamespace": Object {
                        "class": undefined,
                      },
                      "x-attribsPrefix": Object {
                        "class": undefined,
                      },
                    },
                  ],
                  "name": "button",
                  "namespace": "http://www.w3.org/1999/xhtml",
                  "next": null,
                  "parent": [Circular],
                  "prev": [Circular],
                  "type": "tag",
                  "x-attribsNamespace": Object {
                    "class": undefined,
                    "tabindex": undefined,
                    "type": undefined,
                  },
                  "x-attribsPrefix": Object {
                    "class": undefined,
                    "tabindex": undefined,
                    "type": undefined,
                  },
                },
                "parent": [Circular],
                "prev": Object {
                  "attribs": Object {
                    "aria-label": "Menu",
                    "class": "MuiButtonBase-root-50 MuiIconButton-root-44 MuiIconButton-colorInherit-45 AddCard-menuButton-3",
                    "tabindex": "0",
                    "type": "button",
                  },
                  "children": Array [
                    Object {
                      "attribs": Object {
                        "class": "MuiIconButton-label-49",
                      },
                      "children": Array [
                        Object {
                          "attribs": Object {
                            "aria-hidden": "true",
                            "class": "MuiSvgIcon-root-53",
                            "focusable": "false",
                            "role": "presentation",
                            "viewBox": "0 0 24 24",
                          },
                          "children": Array [
                            Object {
                              "attribs": Object {
                                "d": "M0 0h24v24H0z",
                                "fill": "none",
                              },
                              "children": Array [],
                              "name": "path",
                              "namespace": "http://www.w3.org/2000/svg",
                              "next": Object {
                                "attribs": Object {
                                  "d": "M3 18h18v-2H3v2zm0-5h18v-2H3v2zm0-7v2h18V6H3z",
                                },
                                "children": Array [],
                                "name": "path",
                                "namespace": "http://www.w3.org/2000/svg",
                                "next": null,
                                "parent": [Circular],
                                "prev": [Circular],
                                "type": "tag",
                                "x-attribsNamespace": Object {
                                  "d": undefined,
                                },
                                "x-attribsPrefix": Object {
                                  "d": undefined,
                                },
                              },
                              "parent": [Circular],
                              "prev": null,
                              "type": "tag",
                              "x-attribsNamespace": Object {
                                "d": undefined,
                                "fill": undefined,
                              },
                              "x-attribsPrefix": Object {
                                "d": undefined,
                                "fill": undefined,
                              },
                            },
                            Object {
                              "attribs": Object {
                                "d": "M3 18h18v-2H3v2zm0-5h18v-2H3v2zm0-7v2h18V6H3z",
                              },
                              "children": Array [],
                              "name": "path",
                              "namespace": "http://www.w3.org/2000/svg",
                              "next": null,
                              "parent": [Circular],
                              "prev": Object {
                                "attribs": Object {
                                  "d": "M0 0h24v24H0z",
                                  "fill": "none",
                                },
                                "children": Array [],
                                "name": "path",
                                "namespace": "http://www.w3.org/2000/svg",
                                "next": [Circular],
                                "parent": [Circular],
                                "prev": null,
                                "type": "tag",
                                "x-attribsNamespace": Object {
                                  "d": undefined,
                                  "fill": undefined,
                                },
                                "x-attribsPrefix": Object {
                                  "d": undefined,
                                  "fill": undefined,
                                },
                              },
                              "type": "tag",
                              "x-attribsNamespace": Object {
                                "d": undefined,
                              },
                              "x-attribsPrefix": Object {
                                "d": undefined,
                              },
                            },
                          ],
                          "name": "svg",
                          "namespace": "http://www.w3.org/2000/svg",
                          "next": null,
                          "parent": [Circular],
                          "prev": null,
                          "type": "tag",
                          "x-attribsNamespace": Object {
                            "aria-hidden": undefined,
                            "class": undefined,
                            "focusable": undefined,
                            "role": undefined,
                            "viewBox": undefined,
                          },
                          "x-attribsPrefix": Object {
                            "aria-hidden": undefined,
                            "class": undefined,
                            "focusable": undefined,
                            "role": undefined,
                            "viewBox": undefined,
                          },
                        },
                      ],
                      "name": "span",
                      "namespace": "http://www.w3.org/1999/xhtml",
                      "next": null,
                      "parent": [Circular],
                      "prev": null,
                      "type": "tag",
                      "x-attribsNamespace": Object {
                        "class": undefined,
                      },
                      "x-attribsPrefix": Object {
                        "class": undefined,
                      },
                    },
                  ],
                  "name": "button",
                  "namespace": "http://www.w3.org/1999/xhtml",
                  "next": [Circular],
                  "parent": [Circular],
                  "prev": null,
                  "type": "tag",
                  "x-attribsNamespace": Object {
                    "aria-label": undefined,
                    "class": undefined,
                    "tabindex": undefined,
                    "type": undefined,
                  },
                  "x-attribsPrefix": Object {
                    "aria-label": undefined,
                    "class": undefined,
                    "tabindex": undefined,
                    "type": undefined,
                  },
                },
                "type": "tag",
                "x-attribsNamespace": Object {
                  "class": undefined,
                },
                "x-attribsPrefix": Object {
                  "class": undefined,
                },
              },
              Object {
                "attribs": Object {
                  "class": "MuiButtonBase-root-50 MuiIconButton-root-44 MuiIconButton-colorInherit-45",
                  "tabindex": "0",
                  "type": "button",
                },
                "children": Array [
                  Object {
                    "attribs": Object {
                      "class": "MuiIconButton-label-49",
                    },
                    "children": Array [
                      Object {
                        "attribs": Object {
                          "aria-hidden": "true",
                          "class": "MuiSvgIcon-root-53",
                          "focusable": "false",
                          "role": "presentation",
                          "viewBox": "0 0 24 24",
                        },
                        "children": Array [
                          Object {
                            "attribs": Object {
                              "d": "M19 13h-6v6h-2v-6H5v-2h6V5h2v6h6v2z",
                            },
                            "children": Array [],
                            "name": "path",
                            "namespace": "http://www.w3.org/2000/svg",
                            "next": Object {
                              "attribs": Object {
                                "d": "M0 0h24v24H0z",
                                "fill": "none",
                              },
                              "children": Array [],
                              "name": "path",
                              "namespace": "http://www.w3.org/2000/svg",
                              "next": null,
                              "parent": [Circular],
                              "prev": [Circular],
                              "type": "tag",
                              "x-attribsNamespace": Object {
                                "d": undefined,
                                "fill": undefined,
                              },
                              "x-attribsPrefix": Object {
                                "d": undefined,
                                "fill": undefined,
                              },
                            },
                            "parent": [Circular],
                            "prev": null,
                            "type": "tag",
                            "x-attribsNamespace": Object {
                              "d": undefined,
                            },
                            "x-attribsPrefix": Object {
                              "d": undefined,
                            },
                          },
                          Object {
                            "attribs": Object {
                              "d": "M0 0h24v24H0z",
                              "fill": "none",
                            },
                            "children": Array [],
                            "name": "path",
                            "namespace": "http://www.w3.org/2000/svg",
                            "next": null,
                            "parent": [Circular],
                            "prev": Object {
                              "attribs": Object {
                                "d": "M19 13h-6v6h-2v-6H5v-2h6V5h2v6h6v2z",
                              },
                              "children": Array [],
                              "name": "path",
                              "namespace": "http://www.w3.org/2000/svg",
                              "next": [Circular],
                              "parent": [Circular],
                              "prev": null,
                              "type": "tag",
                              "x-attribsNamespace": Object {
                                "d": undefined,
                              },
                              "x-attribsPrefix": Object {
                                "d": undefined,
                              },
                            },
                            "type": "tag",
                            "x-attribsNamespace": Object {
                              "d": undefined,
                              "fill": undefined,
                            },
                            "x-attribsPrefix": Object {
                              "d": undefined,
                              "fill": undefined,
                            },
                          },
                        ],
                        "name": "svg",
                        "namespace": "http://www.w3.org/2000/svg",
                        "next": null,
                        "parent": [Circular],
                        "prev": null,
                        "type": "tag",
                        "x-attribsNamespace": Object {
                          "aria-hidden": undefined,
                          "class": undefined,
                          "focusable": undefined,
                          "role": undefined,
                          "viewBox": undefined,
                        },
                        "x-attribsPrefix": Object {
                          "aria-hidden": undefined,
                          "class": undefined,
                          "focusable": undefined,
                          "role": undefined,
                          "viewBox": undefined,
                        },
                      },
                    ],
                    "name": "span",
                    "namespace": "http://www.w3.org/1999/xhtml",
                    "next": null,
                    "parent": [Circular],
                    "prev": null,
                    "type": "tag",
                    "x-attribsNamespace": Object {
                      "class": undefined,
                    },
                    "x-attribsPrefix": Object {
                      "class": undefined,
                    },
                  },
                ],
                "name": "button",
                "namespace": "http://www.w3.org/1999/xhtml",
                "next": null,
                "parent": [Circular],
                "prev": Object {
                  "attribs": Object {
                    "class": "MuiTypography-root-62 MuiTypography-h6-79 MuiTypography-colorInherit-91 AddCard-grow-2",
                  },
                  "children": Array [
                    Object {
                      "data": "Paper Trader",
                      "next": null,
                      "parent": [Circular],
                      "prev": null,
                      "type": "text",
                    },
                  ],
                  "name": "h6",
                  "namespace": "http://www.w3.org/1999/xhtml",
                  "next": [Circular],
                  "parent": [Circular],
                  "prev": Object {
                    "attribs": Object {
                      "aria-label": "Menu",
                      "class": "MuiButtonBase-root-50 MuiIconButton-root-44 MuiIconButton-colorInherit-45 AddCard-menuButton-3",
                      "tabindex": "0",
                      "type": "button",
                    },
                    "children": Array [
                      Object {
                        "attribs": Object {
                          "class": "MuiIconButton-label-49",
                        },
                        "children": Array [
                          Object {
                            "attribs": Object {
                              "aria-hidden": "true",
                              "class": "MuiSvgIcon-root-53",
                              "focusable": "false",
                              "role": "presentation",
                              "viewBox": "0 0 24 24",
                            },
                            "children": Array [
                              Object {
                                "attribs": Object {
                                  "d": "M0 0h24v24H0z",
                                  "fill": "none",
                                },
                                "children": Array [],
                                "name": "path",
                                "namespace": "http://www.w3.org/2000/svg",
                                "next": Object {
                                  "attribs": Object {
                                    "d": "M3 18h18v-2H3v2zm0-5h18v-2H3v2zm0-7v2h18V6H3z",
                                  },
                                  "children": Array [],
                                  "name": "path",
                                  "namespace": "http://www.w3.org/2000/svg",
                                  "next": null,
                                  "parent": [Circular],
                                  "prev": [Circular],
                                  "type": "tag",
                                  "x-attribsNamespace": Object {
                                    "d": undefined,
                                  },
                                  "x-attribsPrefix": Object {
                                    "d": undefined,
                                  },
                                },
                                "parent": [Circular],
                                "prev": null,
                                "type": "tag",
                                "x-attribsNamespace": Object {
                                  "d": undefined,
                                  "fill": undefined,
                                },
                                "x-attribsPrefix": Object {
                                  "d": undefined,
                                  "fill": undefined,
                                },
                              },
                              Object {
                                "attribs": Object {
                                  "d": "M3 18h18v-2H3v2zm0-5h18v-2H3v2zm0-7v2h18V6H3z",
                                },
                                "children": Array [],
                                "name": "path",
                                "namespace": "http://www.w3.org/2000/svg",
                                "next": null,
                                "parent": [Circular],
                                "prev": Object {
                                  "attribs": Object {
                                    "d": "M0 0h24v24H0z",
                                    "fill": "none",
                                  },
                                  "children": Array [],
                                  "name": "path",
                                  "namespace": "http://www.w3.org/2000/svg",
                                  "next": [Circular],
                                  "parent": [Circular],
                                  "prev": null,
                                  "type": "tag",
                                  "x-attribsNamespace": Object {
                                    "d": undefined,
                                    "fill": undefined,
                                  },
                                  "x-attribsPrefix": Object {
                                    "d": undefined,
                                    "fill": undefined,
                                  },
                                },
                                "type": "tag",
                                "x-attribsNamespace": Object {
                                  "d": undefined,
                                },
                                "x-attribsPrefix": Object {
                                  "d": undefined,
                                },
                              },
                            ],
                            "name": "svg",
                            "namespace": "http://www.w3.org/2000/svg",
                            "next": null,
                            "parent": [Circular],
                            "prev": null,
                            "type": "tag",
                            "x-attribsNamespace": Object {
                              "aria-hidden": undefined,
                              "class": undefined,
                              "focusable": undefined,
                              "role": undefined,
                              "viewBox": undefined,
                            },
                            "x-attribsPrefix": Object {
                              "aria-hidden": undefined,
                              "class": undefined,
                              "focusable": undefined,
                              "role": undefined,
                              "viewBox": undefined,
                            },
                          },
                        ],
                        "name": "span",
                        "namespace": "http://www.w3.org/1999/xhtml",
                        "next": null,
                        "parent": [Circular],
                        "prev": null,
                        "type": "tag",
                        "x-attribsNamespace": Object {
                          "class": undefined,
                        },
                        "x-attribsPrefix": Object {
                          "class": undefined,
                        },
                      },
                    ],
                    "name": "button",
                    "namespace": "http://www.w3.org/1999/xhtml",
                    "next": [Circular],
                    "parent": [Circular],
                    "prev": null,
                    "type": "tag",
                    "x-attribsNamespace": Object {
                      "aria-label": undefined,
                      "class": undefined,
                      "tabindex": undefined,
                      "type": undefined,
                    },
                    "x-attribsPrefix": Object {
                      "aria-label": undefined,
                      "class": undefined,
                      "tabindex": undefined,
                      "type": undefined,
                    },
                  },
                  "type": "tag",
                  "x-attribsNamespace": Object {
                    "class": undefined,
                  },
                  "x-attribsPrefix": Object {
                    "class": undefined,
                  },
                },
                "type": "tag",
                "x-attribsNamespace": Object {
                  "class": undefined,
                  "tabindex": undefined,
                  "type": undefined,
                },
                "x-attribsPrefix": Object {
                  "class": undefined,
                  "tabindex": undefined,
                  "type": undefined,
                },
              },
            ],
            "name": "div",
            "namespace": "http://www.w3.org/1999/xhtml",
            "next": null,
            "parent": [Circular],
            "prev": null,
            "type": "tag",
            "x-attribsNamespace": Object {
              "class": undefined,
            },
            "x-attribsPrefix": Object {
              "class": undefined,
            },
          },
        ],
        "name": "header",
        "namespace": "http://www.w3.org/1999/xhtml",
        "next": null,
        "parent": [Circular],
        "prev": null,
        "type": "tag",
        "x-attribsNamespace": Object {
          "class": undefined,
          "style": undefined,
        },
        "x-attribsPrefix": Object {
          "class": undefined,
          "style": undefined,
        },
      },
    ],
    "name": "div",
    "namespace": "http://www.w3.org/1999/xhtml",
    "next": null,
    "parent": null,
    "prev": null,
    "root": Object {
      "attribs": Object {},
      "children": Array [
        [Circular],
      ],
      "name": "root",
      "namespace": "http://www.w3.org/1999/xhtml",
      "next": null,
      "parent": null,
      "prev": null,
      "type": "root",
      "x-attribsNamespace": Object {},
      "x-attribsPrefix": Object {},
    },
    "type": "tag",
    "x-attribsNamespace": Object {
      "class": undefined,
    },
    "x-attribsPrefix": Object {
      "class": undefined,
    },
  },
  "_root": [Circular],
  "length": 1,
  "options": Object {
    "decodeEntities": true,
    "normalizeWhitespace": false,
    "withDomLvl1": true,
    "xml": false,
  },
}
`;
